// Jest Snapshot v1, https://goo.gl/fbAQLP

exports[`Should render Header component 1`] = `
<header
  className="header"
>
  <h1
    className="header__title"
  >
    TODO
  </h1>
  <h2
    className="header__tasks-count"
  >
    You have 
    2
     active task/s
  </h2>
</header>
`;
